memory 0 0 105293625
memory 1 0 104802083
memory 1 1 91605583
memory 0 1 92185541
memory 0 2 92618375
memory 1 2 91652250
memory 1 3 92002000
memory 0 3 92602750
memory 0 4 92856416
memory 1 4 93018958
memory 1 5 92625625
memory 0 5 92050292
memory 0 6 92778041
memory 1 6 93878542
memory 2 0 164537250
memory 2 1 165441416
memory 2 2 167178167
memory 2 3 164809375
memory 2 4 165196917
memory 2 5 166394250
memory 2 6 163682291
memory 8 0 564117833
memory 8 1 565640708
memory 8 2 567583916
memory 8 3 567516750
memory 8 4 568271208
memory 8 5 568040125
memory 8 6 569257709
durable 1 0 2313320250 8617984
durable 1 1 2313852042 8585216
durable 1 2 2144057125 8732672
durable 2 0 2639779417 8912896
durable 2 1 2611933042 8962048
durable 2 2 2653854291 8880128
durable 8 0 4307718458 10764288
durable 8 1 4312006000 10747904
durable 8 2 4288993334 10551296
