memory 0 0 105047208
memory 1 0 105323458
memory 1 1 89106375
memory 0 1 87604833
memory 0 2 89523000
memory 1 2 89840959
memory 1 3 90179834
memory 0 3 90568375
memory 0 4 91063041
memory 1 4 90555542
memory 1 5 90307375
memory 0 5 90813042
memory 0 6 89421833
memory 1 6 90511208
memory 2 0 23967458
memory 2 1 23878417
memory 2 2 23703250
memory 2 3 24298083
memory 2 4 23497166
memory 2 5 23680292
memory 2 6 23520708
memory 8 0 34566667
memory 8 1 34622292
memory 8 2 35185375
memory 8 3 35138542
memory 8 4 34418292
memory 8 5 35343750
memory 8 6 34893875
durable 1 0 2693757750 8634368
durable 1 1 2704042875 8601600
durable 1 2 2719919250 8634368
durable 2 0 2482868083 8404992
durable 2 1 2513872000 8404992
durable 2 2 2525944416 8519680
durable 8 0 2672887333 9256960
durable 8 1 2805927209 9240576
durable 8 2 2743993958 9420800
