128 sparse scan 0 1256625
128 sparse indexed 0 141500
128 sparse vnpy-source-sparse 0 144287625
128 sparse vnpy-source-sparse 1 138236500
128 sparse indexed 1 143333
128 sparse scan 1 1318750
128 sparse scan 2 1306833
128 sparse indexed 2 143500
128 sparse vnpy-source-sparse 2 138496000
128 sparse vnpy-source-sparse 3 138931458
128 sparse indexed 3 152292
128 sparse scan 3 1349042
128 sparse scan 4 1322916
128 sparse indexed 4 141167
128 sparse vnpy-source-sparse 4 142037250
128 sparse vnpy-source-sparse 5 139585667
128 sparse indexed 5 143000
128 sparse scan 5 1267209
128 sparse scan 6 1327166
128 sparse indexed 6 143750
128 sparse vnpy-source-sparse 6 139180834
128 dense scan 0 738541
128 dense indexed 0 2494500
128 dense indexed 1 2461041
128 dense scan 1 715000
128 dense scan 2 718875
128 dense indexed 2 2611375
128 dense indexed 3 2667750
128 dense scan 3 744250
128 dense scan 4 729583
128 dense indexed 4 2477084
128 dense indexed 5 2614292
128 dense scan 5 711125
128 dense scan 6 751333
128 dense indexed 6 2581959
1024 sparse scan 0 15346958
1024 sparse indexed 0 177750
1024 sparse vnpy-source-sparse 0 1121356958
1024 sparse vnpy-source-sparse 1 1130218125
1024 sparse indexed 1 192792
1024 sparse scan 1 15467334
1024 sparse scan 2 15177291
1024 sparse indexed 2 173958
1024 sparse vnpy-source-sparse 2 1112978375
1024 sparse vnpy-source-sparse 3 1122933958
1024 sparse indexed 3 173750
1024 sparse scan 3 15095500
1024 sparse scan 4 15172750
1024 sparse indexed 4 178042
1024 sparse vnpy-source-sparse 4 1174973834
1024 sparse vnpy-source-sparse 5 1123319791
1024 sparse indexed 5 248250
1024 sparse scan 5 15208916
1024 sparse scan 6 15871542
1024 sparse indexed 6 173000
1024 sparse vnpy-source-sparse 6 1123675041
1024 dense scan 0 5128250
1024 dense indexed 0 26398000
1024 dense indexed 1 26333458
1024 dense scan 1 4209041
1024 dense scan 2 4284792
1024 dense indexed 2 26378375
1024 dense indexed 3 29015500
1024 dense scan 3 4337958
1024 dense scan 4 4429000
1024 dense indexed 4 27295042
1024 dense indexed 5 26724583
1024 dense scan 5 4391458
1024 dense scan 6 4446083
1024 dense indexed 6 26963708
4096 sparse scan 0 67414667
4096 sparse indexed 0 219916
4096 sparse vnpy-source-sparse 0 4632062125
4096 sparse vnpy-source-sparse 1 4584501125
4096 sparse indexed 1 226166
4096 sparse scan 1 65355333
4096 sparse scan 2 65418292
4096 sparse indexed 2 203292
4096 sparse vnpy-source-sparse 2 4446750417
4096 sparse vnpy-source-sparse 3 4526001541
4096 sparse indexed 3 212458
4096 sparse scan 3 66994958
4096 sparse scan 4 67677791
4096 sparse indexed 4 215125
4096 sparse vnpy-source-sparse 4 4473663250
4096 sparse vnpy-source-sparse 5 4447665000
4096 sparse indexed 5 201625
4096 sparse scan 5 67073083
4096 sparse scan 6 66568583
4096 sparse indexed 6 206667
4096 sparse vnpy-source-sparse 6 4476441666
4096 dense scan 0 17178667
4096 dense indexed 0 135175167
4096 dense indexed 1 129021958
4096 dense scan 1 16734125
4096 dense scan 2 17681375
4096 dense indexed 2 131133167
4096 dense indexed 3 128782333
4096 dense scan 3 16956875
4096 dense scan 4 17204625
4096 dense indexed 4 136843500
4096 dense indexed 5 128910209
4096 dense scan 5 17128666
4096 dense scan 6 17251834
4096 dense indexed 6 138174500
