128 sparse scan 0 2805167
128 sparse indexed 0 336083
128 sparse adaptive 0 276417
128 sparse vnpy-source-sparse 0 154569375
128 sparse vnpy-source-sparse 1 138979750
128 sparse adaptive 1 152375
128 sparse indexed 1 141625
128 sparse scan 1 1398458
128 sparse scan 2 1362625
128 sparse indexed 2 144916
128 sparse adaptive 2 153125
128 sparse vnpy-source-sparse 2 141284542
128 sparse vnpy-source-sparse 3 141025834
128 sparse adaptive 3 150083
128 sparse indexed 3 144459
128 sparse scan 3 1413541
128 sparse scan 4 1383750
128 sparse indexed 4 139292
128 sparse adaptive 4 156417
128 sparse vnpy-source-sparse 4 141705208
128 sparse vnpy-source-sparse 5 141953334
128 sparse adaptive 5 152458
128 sparse indexed 5 142958
128 sparse scan 5 1403959
128 sparse scan 6 1363291
128 sparse indexed 6 144958
128 sparse adaptive 6 152666
128 sparse vnpy-source-sparse 6 139938792
128 dense scan 0 764791
128 dense indexed 0 2470792
128 dense adaptive 0 749750
128 dense adaptive 1 739458
128 dense indexed 1 2444291
128 dense scan 1 736584
128 dense scan 2 739250
128 dense indexed 2 2509792
128 dense adaptive 2 727333
128 dense adaptive 3 770875
128 dense indexed 3 2396125
128 dense scan 3 715959
128 dense scan 4 784084
128 dense indexed 4 2502208
128 dense adaptive 4 722834
128 dense adaptive 5 721750
128 dense indexed 5 2458625
128 dense scan 5 717333
128 dense scan 6 754000
128 dense indexed 6 2528792
128 dense adaptive 6 740791
1024 sparse scan 0 15141750
1024 sparse indexed 0 180250
1024 sparse adaptive 0 186667
1024 sparse vnpy-source-sparse 0 1221940709
1024 sparse vnpy-source-sparse 1 1203753458
1024 sparse adaptive 1 190000
1024 sparse indexed 1 176375
1024 sparse scan 1 15486708
1024 sparse scan 2 15625834
1024 sparse indexed 2 185750
1024 sparse adaptive 2 187958
1024 sparse vnpy-source-sparse 2 1120136625
1024 sparse vnpy-source-sparse 3 1118296458
1024 sparse adaptive 3 185292
1024 sparse indexed 3 178792
1024 sparse scan 3 15575875
1024 sparse scan 4 15424375
1024 sparse indexed 4 193000
1024 sparse adaptive 4 188916
1024 sparse vnpy-source-sparse 4 1126259000
1024 sparse vnpy-source-sparse 5 1129998375
1024 sparse adaptive 5 239125
1024 sparse indexed 5 178542
1024 sparse scan 5 15182459
1024 sparse scan 6 14753500
1024 sparse indexed 6 175250
1024 sparse adaptive 6 181000
1024 sparse vnpy-source-sparse 6 1129031333
1024 dense scan 0 4442458
1024 dense indexed 0 26726750
1024 dense adaptive 0 4351375
1024 dense adaptive 1 4290916
1024 dense indexed 1 26042042
1024 dense scan 1 4338666
1024 dense scan 2 4343541
1024 dense indexed 2 26149291
1024 dense adaptive 2 4385709
1024 dense adaptive 3 4473500
1024 dense indexed 3 26103375
1024 dense scan 3 4347583
1024 dense scan 4 4292041
1024 dense indexed 4 26244541
1024 dense adaptive 4 4290667
1024 dense adaptive 5 4436792
1024 dense indexed 5 27192625
1024 dense scan 5 4630291
1024 dense scan 6 4524084
1024 dense indexed 6 26670709
1024 dense adaptive 6 4450375
4096 sparse scan 0 66042334
4096 sparse indexed 0 204833
4096 sparse adaptive 0 224000
4096 sparse vnpy-source-sparse 0 4543949959
4096 sparse vnpy-source-sparse 1 4527431917
4096 sparse adaptive 1 219958
4096 sparse indexed 1 215500
4096 sparse scan 1 67306250
4096 sparse scan 2 67157708
4096 sparse indexed 2 203917
4096 sparse adaptive 2 236791
4096 sparse vnpy-source-sparse 2 4647094709
4096 sparse vnpy-source-sparse 3 4499834125
4096 sparse adaptive 3 256084
4096 sparse indexed 3 200084
4096 sparse scan 3 65392708
4096 sparse scan 4 68382000
4096 sparse indexed 4 213208
4096 sparse adaptive 4 229667
4096 sparse vnpy-source-sparse 4 4518220334
4096 sparse vnpy-source-sparse 5 4512240917
4096 sparse adaptive 5 233333
4096 sparse indexed 5 205625
4096 sparse scan 5 69106792
4096 sparse scan 6 67039042
4096 sparse indexed 6 207000
4096 sparse adaptive 6 220125
4096 sparse vnpy-source-sparse 6 4541652292
4096 dense scan 0 17067750
4096 dense indexed 0 138917167
4096 dense adaptive 0 16847875
4096 dense adaptive 1 16951708
4096 dense indexed 1 132074333
4096 dense scan 1 17593167
4096 dense scan 2 17454416
4096 dense indexed 2 130348792
4096 dense adaptive 2 17062208
4096 dense adaptive 3 17339542
4096 dense indexed 3 147641125
4096 dense scan 3 16854041
4096 dense scan 4 16924458
4096 dense indexed 4 137056666
4096 dense adaptive 4 17227125
4096 dense adaptive 5 17282834
4096 dense indexed 5 134882917
4096 dense scan 5 17145542
4096 dense scan 6 16821167
4096 dense indexed 6 138467583
4096 dense adaptive 6 17225667
