128 sparse scan 0 1518833
128 sparse indexed 0 150291
128 sparse adaptive 0 159083
128 sparse vnpy-source-sparse 0 138243375
128 sparse vnpy-source-sparse 1 139663417
128 sparse adaptive 1 156584
128 sparse indexed 1 144917
128 sparse scan 1 1507417
128 sparse scan 2 1492750
128 sparse indexed 2 144708
128 sparse adaptive 2 170375
128 sparse vnpy-source-sparse 2 141789917
128 sparse vnpy-source-sparse 3 140446125
128 sparse adaptive 3 151125
128 sparse indexed 3 167500
128 sparse scan 3 1383875
128 sparse scan 4 1432458
128 sparse indexed 4 141042
128 sparse adaptive 4 175084
128 sparse vnpy-source-sparse 4 142084875
128 sparse vnpy-source-sparse 5 143206792
128 sparse adaptive 5 151417
128 sparse indexed 5 141541
128 sparse scan 5 1409541
128 sparse scan 6 1414500
128 sparse indexed 6 141541
128 sparse adaptive 6 161042
128 sparse vnpy-source-sparse 6 141257167
128 dense scan 0 793542
128 dense indexed 0 2480208
128 dense adaptive 0 805709
128 dense adaptive 1 787833
128 dense indexed 1 2525542
128 dense scan 1 777417
128 dense scan 2 726292
128 dense indexed 2 2543000
128 dense adaptive 2 763625
128 dense adaptive 3 738791
128 dense indexed 3 2542125
128 dense scan 3 812292
128 dense scan 4 824875
128 dense indexed 4 2615625
128 dense adaptive 4 789916
128 dense adaptive 5 835375
128 dense indexed 5 2625417
128 dense scan 5 766833
128 dense scan 6 788250
128 dense indexed 6 2543167
128 dense adaptive 6 747459
1024 sparse scan 0 15161208
1024 sparse indexed 0 186292
1024 sparse adaptive 0 218709
1024 sparse vnpy-source-sparse 0 1132135042
1024 sparse vnpy-source-sparse 1 1120548666
1024 sparse adaptive 1 190291
1024 sparse indexed 1 197500
1024 sparse scan 1 14749500
1024 sparse scan 2 15746000
1024 sparse indexed 2 170917
1024 sparse adaptive 2 196875
1024 sparse vnpy-source-sparse 2 1116205583
1024 sparse vnpy-source-sparse 3 1115245542
1024 sparse adaptive 3 181750
1024 sparse indexed 3 174500
1024 sparse scan 3 16095959
1024 sparse scan 4 15510250
1024 sparse indexed 4 197500
1024 sparse adaptive 4 191875
1024 sparse vnpy-source-sparse 4 1118855083
1024 sparse vnpy-source-sparse 5 1111030333
1024 sparse adaptive 5 196958
1024 sparse indexed 5 181292
1024 sparse scan 5 15915333
1024 sparse scan 6 15245750
1024 sparse indexed 6 175583
1024 sparse adaptive 6 194875
1024 sparse vnpy-source-sparse 6 1118870917
1024 dense scan 0 4406625
1024 dense indexed 0 26600458
1024 dense adaptive 0 4340583
1024 dense adaptive 1 4536584
1024 dense indexed 1 26813416
1024 dense scan 1 4515667
1024 dense scan 2 4396167
1024 dense indexed 2 27015167
1024 dense adaptive 2 4563417
1024 dense adaptive 3 4525708
1024 dense indexed 3 26906584
1024 dense scan 3 4380042
1024 dense scan 4 4470833
1024 dense indexed 4 26781167
1024 dense adaptive 4 4581167
1024 dense adaptive 5 4538959
1024 dense indexed 5 26798917
1024 dense scan 5 4355792
1024 dense scan 6 4472875
1024 dense indexed 6 26656500
1024 dense adaptive 6 4421667
4096 sparse scan 0 66250292
4096 sparse indexed 0 192250
4096 sparse adaptive 0 218500
4096 sparse vnpy-source-sparse 0 4500246041
4096 sparse vnpy-source-sparse 1 4487042500
4096 sparse adaptive 1 223667
4096 sparse indexed 1 205709
4096 sparse scan 1 69699042
4096 sparse scan 2 68962125
4096 sparse indexed 2 199833
4096 sparse adaptive 2 223166
4096 sparse vnpy-source-sparse 2 4513369125
4096 sparse vnpy-source-sparse 3 4476481458
4096 sparse adaptive 3 254541
4096 sparse indexed 3 208500
4096 sparse scan 3 65996708
4096 sparse scan 4 68940958
4096 sparse indexed 4 203292
4096 sparse adaptive 4 235750
4096 sparse vnpy-source-sparse 4 4481489792
4096 sparse vnpy-source-sparse 5 4468680209
4096 sparse adaptive 5 220542
4096 sparse indexed 5 216625
4096 sparse scan 5 68021667
4096 sparse scan 6 68244792
4096 sparse indexed 6 202208
4096 sparse adaptive 6 216042
4096 sparse vnpy-source-sparse 6 4526536084
4096 dense scan 0 17305959
4096 dense indexed 0 149638667
4096 dense adaptive 0 16959625
4096 dense adaptive 1 16745083
4096 dense indexed 1 135125250
4096 dense scan 1 17402958
4096 dense scan 2 17305042
4096 dense indexed 2 133323375
4096 dense adaptive 2 16990459
4096 dense adaptive 3 17160833
4096 dense indexed 3 139367833
4096 dense scan 3 16959500
4096 dense scan 4 16896375
4096 dense indexed 4 133887750
4096 dense adaptive 4 17361750
4096 dense adaptive 5 17130292
4096 dense indexed 5 140351416
4096 dense scan 5 17025334
4096 dense scan 6 16972750
4096 dense indexed 6 131593375
4096 dense adaptive 6 17032042
