   Compiling kaze-quant v0.4.0 (/Users/xiedongjin/Workspace/learning/kaze-quant)
    Finished `release` profile [optimized] target(s) in 1m 05s
     Running unittests src/lib.rs (target/release/deps/kaze_quant-134414728887326e)

running 4 tests
test binance::tests::cancelled_remote_client_id_is_bound_only_by_known_venue_id ... ok
test telemetry::tests::capacity_failure_preserves_histogram ... ok
test continuous::tests::overflow_protocol_and_panic_survive_stop_and_join ... ok
test journal::fault_tests::failed_write_does_not_apply_and_permanently_poisons_writer ... ok

test result: ok. 4 passed; 0 failed; 0 ignored; 0 measured; 0 filtered out; finished in 0.02s

     Running unittests src/bin/live_paper.rs (target/release/deps/kaze_live_paper-891cfcd1e6442f5b)

running 4 tests
test tests::planned_consumer_close_is_the_only_ignored_shutdown_error ... ok
test tests::shutdown_failure_and_worker_panic_cannot_be_success ... ok
test tests::bounded_burst_preserves_order_and_overflow_never_overwrites ... ok
test tests::stale_pending_batch_does_not_change_durable_state_or_latency ... ok

test result: ok. 4 passed; 0 failed; 0 ignored; 0 measured; 0 filtered out; finished in 0.04s

     Running unittests src/bin/paper.rs (target/release/deps/kaze_paper-ee31282587e8fe80)

running 0 tests

test result: ok. 0 passed; 0 failed; 0 ignored; 0 measured; 0 filtered out; finished in 0.00s

     Running unittests src/main.rs (target/release/deps/kaze_quant-c9d92301b7b444a7)

running 0 tests

test result: ok. 0 passed; 0 failed; 0 ignored; 0 measured; 0 filtered out; finished in 0.00s

     Running unittests src/bin/research.rs (target/release/deps/kaze_research-cd694c15361391bb)

running 0 tests

test result: ok. 0 passed; 0 failed; 0 ignored; 0 measured; 0 filtered out; finished in 0.00s

     Running unittests src/bin/run.rs (target/release/deps/kaze_run-5d41389444b3c6ac)

running 0 tests

test result: ok. 0 passed; 0 failed; 0 ignored; 0 measured; 0 filtered out; finished in 0.00s

     Running unittests src/bin/testnet.rs (target/release/deps/kaze_testnet-eb2b3bb263ea4741)

running 1 test
test tests::only_successful_ack_is_discarded_and_rejection_is_preserved ... ok

test result: ok. 1 passed; 0 failed; 0 ignored; 0 measured; 0 filtered out; finished in 0.00s

     Running tests/book.rs (target/release/deps/book-0adef12a492eef43)

running 8 tests
test absent_delete_is_idempotent_and_consumes_sequence ... ok
test book_builds_best_quote_and_replaces_existing_levels ... ok
test book_capacity_allows_replacement_and_deletion ... ok
test depth_quote_adapter_drives_engine_with_no_same_event_fill ... ok
test deleting_best_promotes_next_level_and_empty_side_removes_quote ... ok
test locked_book_is_allowed_and_zero_sequence_is_not ... ok
test malformed_depth_updates_leave_book_and_clock_unchanged ... ok
test seeded_order_book_matches_independent_btree_model ... ok

test result: ok. 8 passed; 0 failed; 0 ignored; 0 measured; 0 filtered out; finished in 0.00s

     Running tests/book_feed.rs (target/release/deps/book_feed-a1c22ec49164a07d)

running 5 tests
test failed_frame_and_snapshot_leave_depth_and_clock_unchanged ... ok
test frame_timestamp_sequence_and_limits_fail_before_commit ... ok
test full_capacity_delete_and_insert_in_same_frame_and_empty_side ... ok
test shared_sequence_frame_validates_final_spread_not_intermediate_state ... ok
test gap_hides_quote_until_valid_new_snapshot ... ok

test result: ok. 5 passed; 0 failed; 0 ignored; 0 measured; 0 filtered out; finished in 0.00s

     Running tests/checkpoint.rs (target/release/deps/checkpoint-b4f5378b2a7bdecc)

running 6 tests
test compacted_partial_orders_keep_fifo_reservations_and_monotonic_ids ... ok
test hostile_snapshot_numbers_return_errors_instead_of_panicking ... ok
test hostile_execution_counters_cannot_overflow_after_restore ... ok
test unit_scales_are_explicit_and_invalid_metadata_is_rejected ... ok
test corrupt_strategy_window_is_rejected_even_with_valid_engine ... ok
test every_split_preserves_warm_strategy_and_subsequent_execution ... ok

test result: ok. 6 passed; 0 failed; 0 ignored; 0 measured; 0 filtered out; finished in 0.00s

     Running tests/cli.rs (target/release/deps/cli-187aeee95984826b)

running 5 tests
test cli_bad_input_never_publishes_completion_marker ... ok
test cli_rejects_unknown_flags_and_invalid_fees ... ok
test cli_refuses_to_overwrite_completed_results ... ok
test cli_emits_verified_summary_and_trace ... ok
test cli_supports_momentum_and_latency ... ok

test result: ok. 5 passed; 0 failed; 0 ignored; 0 measured; 0 filtered out; finished in 0.47s

     Running tests/continuous.rs (target/release/deps/continuous-d0f7f8beb6bcc43c)

running 4 tests
test producer_failure_and_bad_subscription_cannot_be_successful_shutdown ... ok
test stale_generation_and_reopened_connection_cannot_change_ledger ... ok
test monitor_recovers_transport_failure_but_never_sends_orders ... ok
test connected_producer_transport_gap_creates_new_recovered_epoch ... ok

test result: ok. 4 passed; 0 failed; 0 ignored; 0 measured; 0 filtered out; finished in 5.33s

     Running tests/engine.rs (target/release/deps/engine-48515185a7a27f37)

running 25 tests
test capacities_are_enforced_and_cancel_frees_active_slot ... ok
test cancel_is_idempotent_and_finish_releases_resources ... ok
test compaction_keeps_submission_priority ... ok
test equal_timestamps_with_increasing_sequences_are_supported ... ok
test conservative_fee_reserve_covers_many_tiny_fills ... ok
test fifo_and_shared_liquidity_across_orders ... ok
test fee_rounding_is_per_fill ... ok
test invalid_engine_configuration_is_rejected ... ok
test frozen_cash_prevents_double_spending ... ok
test ioc_non_crossing_or_zero_liquidity_cancels ... ok
test ioc_partial_fill_then_cancel_and_release ... ok
test ioc_waits_for_configured_latency ... ok
test latency_boundary_is_inclusive ... ok
test latency_overflow_rejects_without_state_corruption ... ok
test malformed_quote_is_atomic ... ok
test maximum_price_quantity_and_cash_stay_in_bounds ... ok
test no_market_rejects_without_reserving ... ok
test non_crossing_limit_does_not_fill ... ok
test partial_fills_release_only_filled_reservations ... ok
test pending_buys_count_toward_position_limit ... ok
test round_trip_conservation_and_bid_marked_drawdown ... ok
test sell_reservation_prevents_overselling ... ok
test validated_price_and_quantity_boundaries ... ok
test zero_latency_still_requires_a_later_quote ... ok
test seeded_mixed_actions_match_history_reference_exactly ... ok

test result: ok. 25 passed; 0 failed; 0 ignored; 0 measured; 0 filtered out; finished in 0.01s

     Running tests/execution.rs (target/release/deps/execution-9b52320caf8381ce)

running 10 tests
test decimal_is_exact_and_rejects_lossy_inputs ... ok
test one_writer_lock_protects_journal ... ok
test venue_economics_cannot_exceed_buy_limit ... ok
test cumulative_regression_identity_and_terminal_resurrection_are_rejected ... ok
test conflicting_intent_and_unresolved_orders_block_new_ids ... ok
test prepared_but_unsent_crash_fails_closed ... ok
test not_found_is_not_permission_to_resubmit ... ok
test duplicate_trades_do_not_double_count_fees_and_conflicts_roll_back ... ok
test cancel_timeout_resolves_using_query_and_external_orders_block ... ok
test timeout_and_restart_never_repeat_submission ... ok

test result: ok. 10 passed; 0 failed; 0 ignored; 0 measured; 0 filtered out; finished in 0.65s

     Running tests/execution_model.rs (target/release/deps/execution_model-6a12262f842f5a27)

running 4 tests
test slipped_price_over_bound_cancels_without_panicking_or_filling ... ok
test slippage_obeys_limit_and_hand_calculated_round_trip ... ok
test unchanged_snapshot_does_not_replenish_consumed_liquidity ... ok
test invalid_budget_checkpoint_is_rejected ... ok

test result: ok. 4 passed; 0 failed; 0 ignored; 0 measured; 0 filtered out; finished in 0.00s

     Running tests/external_state.rs (target/release/deps/external_state-7cb3e27defeb73a4)

running 18 tests
test grouped_audit_reports_orphans_and_missing_trades ... ok
test invalid_trade_rolls_back_entire_page_and_balances ... ok
test partial_account_and_termination_need_rest_without_rebasing_assets ... ok
test account_identity_conflict_is_detected_before_query_and_is_sticky ... ok
test private_protocol_checks_subscription_and_uses_transaction_time ... ok
test missing_or_unexplained_assets_block_new_intents_but_correct_rest_recovers_gap ... ok
test account_asset_identifiers_remain_case_sensitive_and_zero_fee_has_no_currency ... ok
test original_currency_fees_and_replay_match_hand_calculated_assets_after_restart ... ok
test bound_account_restart_same_intent_queries_only_and_rest_recovers_missing_fills ... ok
test durable_corruption_is_detected_by_trade_replay_and_hostile_integer_never_panics ... ok
test baseline_refuses_legacy_history_duplicate_assets_and_unknown_instrument ... ok
test foreign_open_order_or_transfer_cannot_be_cleared_by_matching_totals ... ok
test private_trade_failure_rolls_back_order_event_and_asset_projection ... ok
test private_terminal_cumulative_cannot_regress_even_when_event_is_older ... ok
test sale_and_quote_currency_fee_are_recorded_without_floating_point ... ok
test private_identity_reuse_or_conflicting_trade_is_sticky_failure ... ok
test private_partial_fill_duplicate_and_late_event_never_double_post ... ok
test trade_overfill_quote_conflict_and_private_subscription_failure_never_change_assets ... ok

test result: ok. 18 passed; 0 failed; 0 ignored; 0 measured; 0 filtered out; finished in 1.56s

     Running tests/feed.rs (target/release/deps/feed-91f775420457d689)

running 4 tests
test duplicate_frame_updates_observed_clock_without_advancing_quote_sequence ... ok
test malformed_frame_does_not_advance_state ... ok
test l1_ids_can_skip_but_cannot_regress ... ok
test duplicate_id_cannot_hide_changed_prices_or_malformed_decimals ... ok

test result: ok. 4 passed; 0 failed; 0 ignored; 0 measured; 0 filtered out; finished in 0.00s

     Running tests/journal.rs (target/release/deps/journal-77abd86b25fe4148)

running 9 tests
test complete_checksum_corruption_is_not_truncated_or_ignored ... ok
test command_capacity_and_closed_session_remain_enforced_after_restart ... ok
test invalid_frame_length_is_quarantined_without_large_allocation ... ok
test only_one_writer_can_open_a_session ... ok
test invalid_command_does_not_write_and_valid_same_id_can_be_retried ... ok
test manifest_config_change_or_partial_header_blocks_recovery ... ok
test incomplete_last_frame_is_preserved_and_only_its_suffix_is_repaired ... ok
test retries_across_restart_never_repeat_fills_or_callbacks ... ok
test restart_reconstructs_strategies_orders_accounts_and_every_receipt ... ok

test result: ok. 9 passed; 0 failed; 0 ignored; 0 measured; 0 filtered out; finished in 0.45s

     Running tests/paper.rs (target/release/deps/paper-6e8f064598eaa55e)

running 15 tests
test custom_batch_strategy_shares_liquidity_and_receives_execution_callbacks ... ok
test finish_seals_session_and_operator_halt_is_irreversible ... ok
test history_capacity_rejects_without_consuming_ids_or_engine_metrics ... ok
test mean_reversion_warms_window_and_executes_on_next_quote ... ok
test drawdown_trip_preserves_filled_position_and_releases_rest ... ok
test duplicate_or_gap_commands_are_atomic_in_memory ... ok
test action_overflow_halts_before_applying_any_signal_even_if_strategy_ignores_error ... ok
test budgets_routing_and_fees_follow_hand_ledger ... ok
test bad_quote_and_unknown_market_do_not_advance_clock_or_state ... ok
test config_and_wire_types_fail_on_invalid_bounds_and_typos ... ok
test no_market_is_a_business_rejection ... ok
test order_notional_price_collar_and_grid_are_checked ... ok
test passive_config_rejects_unknown_variant_fields ... ok
test quote_gap_cancels_before_new_quote_can_fill_resting_order ... ok
test watchdog_boundary_and_cross_asset_timeout_are_deterministic ... ok

test result: ok. 15 passed; 0 failed; 0 ignored; 0 measured; 0 filtered out; finished in 0.00s

     Running tests/paper_cli.rs (target/release/deps/paper_cli-7d608373481e9e64)

running 4 tests
test oversized_or_bad_command_is_not_acked_and_never_publishes_report ... ok
test jsonl_demo_and_resume_are_identical_and_report_uses_string_money ... ok
test reporting_never_overwrites_and_eof_is_not_a_finish ... ok
test killed_process_recovers_durable_ack_and_retries_safely ... ok

test result: ok. 4 passed; 0 failed; 0 ignored; 0 measured; 0 filtered out; finished in 1.08s

     Running tests/recovery.rs (target/release/deps/recovery-8765bafdd8cc25ca)

running 14 tests
test legacy_bound_journal_cannot_gain_a_cursor_without_baseline_provenance ... ok
test foreign_closed_order_is_detected_even_with_no_open_orders_or_balance_change ... ok
test late_private_fill_after_rest_cursor_is_deduplicated_by_trade_identity ... ok
test exact_full_pages_need_next_page_and_budgets_fail_before_commit ... ok
test lost_ack_and_missing_private_fill_recover_atomically_without_new_post ... ok
test restart_requires_recovery_and_repeated_overlap_never_charges_twice ... ok
test seeded_older_history_is_never_double_booked_and_seed_binding_is_complete ... ok
test cursor_and_baseline_corruption_are_detected_before_network ... ok
test trade_transport_failure_and_record_capacity_preserve_confirmed_round ... ok
test short_missing_page_cannot_advance_cursor_or_economics ... ok
test unknown_unsent_intent_not_found_is_never_resubmission_permission ... ok
test noncontiguous_ids_are_valid_but_unsorted_or_regressing_pages_are_not ... ok
test exchange_history_reset_and_identity_conflict_fail_closed_before_queries ... ok
test wrong_account_balance_rolls_back_order_fill_account_and_cursor ... ok

test result: ok. 14 passed; 0 failed; 0 ignored; 0 measured; 0 filtered out; finished in 1.43s

     Running tests/registry.rs (target/release/deps/registry-978777fb4a2a807d)

running 5 tests
test identity_and_parameter_size_are_bounded ... ok
test unknown_factory_version_and_malformed_state_fail_closed ... ok
test custom_registered_strategy_survives_every_checkpoint ... ok
test invalid_custom_post_state_never_commits_candidate ... ok
test sqlite_custom_state_is_atomic_and_full_replay_verifies ... ok

test result: ok. 5 passed; 0 failed; 0 ignored; 0 measured; 0 filtered out; finished in 0.24s

     Running tests/replay.rs (target/release/deps/replay-a64cba60130ac6e1)

running 9 tests
test demo_has_hand_calculated_cash_fees_and_drawdown ... ok
test parsing_accepts_crlf_and_final_line_without_newline ... ok
test invalid_header_and_oversized_line_are_rejected ... ok
test deterministic_replay_produces_byte_identical_trace ... ok
test replay_stops_when_order_history_is_full ... ok
test replay_rejects_empty_and_out_of_order_inputs ... ok
test parsing_rejects_invalid_fields_and_ends_after_error ... ok
test trace_surfaces_write_failures ... ok
test rolling_mean_matches_independent_full_window_sum ... ok

test result: ok. 9 passed; 0 failed; 0 ignored; 0 measured; 0 filtered out; finished in 0.00s

     Running tests/research.rs (target/release/deps/research-5fd00913d7f13b9a)

running 5 tests
test holdout_accounts_start_flat_and_fee_penalty_is_explicit ... ok
test malformed_tail_is_not_hidden_by_fold_end ... ok
test selection_is_training_only_and_ties_keep_declared_order ... ok
test boundary_is_strict_and_training_never_reads_holdout ... ok
test strategy_state_survives_restore_at_every_split ... ok

test result: ok. 5 passed; 0 failed; 0 ignored; 0 measured; 0 filtered out; finished in 0.00s

     Running tests/run_cli.rs (target/release/deps/run_cli-5449efbd8091cc85)

running 4 tests
test csv_quote_input_and_report_no_clobber ... ok
test idle_stdin_flushes_before_eof_and_kill_recovery_preserves_ack ... ok
test bad_batch_emits_no_ack_and_does_not_publish_report ... ok
test demo_restart_full_audit_and_report_match_independent_cli ... ok

test result: ok. 4 passed; 0 failed; 0 ignored; 0 measured; 0 filtered out; finished in 0.56s

     Running tests/store.rs (target/release/deps/store-ba728bf138f7fc30)

running 11 tests
test invalid_late_command_rolls_back_whole_candidate_and_sequence ... ok
test hot_history_remains_bounded_and_ids_never_reuse_beyond_legacy_capacity ... ok
test duplicates_inside_and_after_restart_never_reapply ... ok
test exclusive_writer_and_manifest_changes_are_rejected ... ok
test online_backup_restores_identical_state_and_never_overwrites ... ok
test mid_history_damage_requires_full_audit_and_is_never_silently_repaired ... ok
test disk_write_failure_keeps_memory_unchanged_and_poisoned_until_recovery ... ok
test checkpoint_corruption_and_rehashed_invalid_state_are_rejected ... ok
test batches_restart_and_full_audit_match_every_reference_receipt ... ok
test real_sqlite_full_rolls_back_and_recovers_last_confirmed_batch ... ok
test reader_pinned_wal_applies_backpressure_then_resumes ... ok

test result: ok. 11 passed; 0 failed; 0 ignored; 0 measured; 0 filtered out; finished in 0.56s

     Running tests/target.rs (target/release/deps/target-9b2b40ce97538a94)

running 16 tests
test cooldown_does_not_cancel_own_working_order_or_block_exit ... ok
test manual_order_is_not_silently_adopted_or_cancelled_by_composition ... ok
test grid_and_twap_integer_remainder_are_exact_and_never_fill_same_quote ... ok
test missed_slice_times_and_working_partial_order_never_create_burst_children ... ok
test cash_sizing_includes_per_unit_fee_and_platform_capacity_rejection_clears_proposal ... ok
test expired_child_is_cancelled_and_replaced_only_on_later_quote ... ok
test invalid_context_zero_budget_position_cap_dust_and_single_slice_are_bounded ... ok
test pending_cancel_survives_strategy_restore_without_replacement_permission ... ok
test repeated_target_and_partial_fills_do_not_duplicate_pending_exposure ... ok
test research_warmup_seeds_indicators_but_never_transfers_training_positions ... ok
test malformed_parameters_and_engine_child_corruption_fail_closed ... ok
test spread_gate_cancels_pending_buys_and_does_not_block_risk_reduction ... ok
test signal_prefixes_and_every_checkpoint_produce_identical_causal_decisions ... ok
test target_reversal_cancels_remaining_before_selling_actual_partial_position ... ok
test failed_transaction_rolls_back_partial_fill_and_child_progress_together ... ok
test sqlite_batch_retries_restarts_and_failed_write_keep_identical_parent_child_receipts ... ok

test result: ok. 16 passed; 0 failed; 0 ignored; 0 measured; 0 filtered out; finished in 0.29s

     Running tests/telemetry.rs (target/release/deps/telemetry-3a55a4f8093760d2)

running 5 tests
test late_degradation_after_first_100k_is_included_with_constant_memory ... ok
test stage_times_and_final_single_quote_commit_have_hand_calculated_totals ... ok
test oldest_quote_age_and_clock_conflicts_reject_before_metrics_change ... ok
test quantiles_enclose_exact_sorted_nearest_rank_across_u64_domain ... ok
test worst_minute_exposes_short_stall_hidden_by_lifetime_p99 ... ok

test result: ok. 5 passed; 0 failed; 0 ignored; 0 measured; 0 filtered out; finished in 0.00s

   Doc-tests kaze_quant

running 0 tests

test result: ok. 0 passed; 0 failed; 0 ignored; 0 measured; 0 filtered out; finished in 0.00s
